../Core/Src/main.c:101:5:main	8	static
../Core/Src/main.c:160:6:SystemClock_Config	88	static
../Core/Src/main.c:214:13:MX_ADC1_Init	24	static
../Core/Src/main.c:365:13:MX_ADC2_Init	24	static
../Core/Src/main.c:426:13:MX_I2C1_Init	8	static
../Core/Src/main.c:460:13:MX_SPI2_Init	8	static
../Core/Src/main.c:498:13:MX_SPI3_Init	8	static
../Core/Src/main.c:536:13:MX_TIM1_Init	80	static
../Core/Src/main.c:615:13:MX_TIM2_Init	48	static
../Core/Src/main.c:664:13:MX_TIM3_Init	56	static
../Core/Src/main.c:713:13:MX_TIM4_Init	56	static
../Core/Src/main.c:762:13:MX_TIM6_Init	16	static
../Core/Src/main.c:800:13:MX_UART5_Init	8	static
../Core/Src/main.c:831:13:MX_DMA_Init	16	static
../Core/Src/main.c:849:13:MX_GPIO_Init	48	static
../Core/Src/main.c:917:6:HAL_ADC_ConvCpltCallback	16	static
../Core/Src/main.c:921:6:initMicroSD	8	static
../Core/Src/main.c:943:6:Error_Handler	4	static,ignoring_inline_asm
