../Drivers/CMSIS/Include/core_cm4.h:2064:26:ITM_SendChar	16	static,ignoring_inline_asm
../Core/Src/main.c:104:5:main	8	static
../Core/Src/main.c:195:6:SystemClock_Config	88	static
../Core/Src/main.c:249:13:MX_ADC1_Init	24	static
../Core/Src/main.c:419:13:MX_I2C1_Init	8	static
../Core/Src/main.c:453:13:MX_SPI2_Init	8	static
../Core/Src/main.c:491:13:MX_SPI3_Init	8	static
../Core/Src/main.c:529:13:MX_TIM1_Init	80	static
../Core/Src/main.c:608:13:MX_TIM2_Init	48	static
../Core/Src/main.c:657:13:MX_TIM3_Init	56	static
../Core/Src/main.c:706:13:MX_TIM4_Init	56	static
../Core/Src/main.c:755:13:MX_TIM6_Init	16	static
../Core/Src/main.c:793:13:MX_UART5_Init	8	static
../Core/Src/main.c:824:13:MX_DMA_Init	16	static
../Core/Src/main.c:842:13:MX_GPIO_Init	48	static
../Core/Src/main.c:901:6:HAL_ADC_ConvCpltCallback	16	static
../Core/Src/main.c:906:6:HAL_TIM_PeriodElapsedCallback	16	static
../Core/Src/main.c:942:6:ledOut	16	static
../Core/Src/main.c:954:9:getSWrotary	16	static
../Core/Src/main.c:977:9:getSWtact	16	static
../Core/Src/main.c:992:9:read_byte	24	static
../Core/Src/main.c:1003:5:_write	32	static
../Core/Src/main.c:1018:6:Error_Handler	4	static,ignoring_inline_asm
