14:43:38 **** Incremental Build of configuration Debug for project robotrace_v1 ****
make -j8 all 
arm-none-eabi-gcc "../Core/Src/AQM0802A.c" -mcpu=cortex-m4 -std=gnu11 -g3 -DDEBUG -DUSE_HAL_DRIVER -DSTM32F446xx -c -I../Core/Inc -I../Drivers/STM32F4xx_HAL_Driver/Inc -I../Drivers/STM32F4xx_HAL_Driver/Inc/Legacy -I../Drivers/CMSIS/Device/ST/STM32F4xx/Include -I../Drivers/CMSIS/Include -O0 -ffunction-sections -fdata-sections -Wall -fstack-usage -MMD -MP -MF"Core/Src/AQM0802A.d" -MT"Core/Src/AQM0802A.o" --specs=nano.specs -mfpu=fpv4-sp-d16 -mfloat-abi=hard -mthumb -o "Core/Src/AQM0802A.o"
arm-none-eabi-gcc "../Core/Src/BNO055.c" -mcpu=cortex-m4 -std=gnu11 -g3 -DDEBUG -DUSE_HAL_DRIVER -DSTM32F446xx -c -I../Core/Inc -I../Drivers/STM32F4xx_HAL_Driver/Inc -I../Drivers/STM32F4xx_HAL_Driver/Inc/Legacy -I../Drivers/CMSIS/Device/ST/STM32F4xx/Include -I../Drivers/CMSIS/Include -O0 -ffunction-sections -fdata-sections -Wall -fstack-usage -MMD -MP -MF"Core/Src/BNO055.d" -MT"Core/Src/BNO055.o" --specs=nano.specs -mfpu=fpv4-sp-d16 -mfloat-abi=hard -mthumb -o "Core/Src/BNO055.o"
arm-none-eabi-gcc "../Core/Src/ICM20608.c" -mcpu=cortex-m4 -std=gnu11 -g3 -DDEBUG -DUSE_HAL_DRIVER -DSTM32F446xx -c -I../Core/Inc -I../Drivers/STM32F4xx_HAL_Driver/Inc -I../Drivers/STM32F4xx_HAL_Driver/Inc/Legacy -I../Drivers/CMSIS/Device/ST/STM32F4xx/Include -I../Drivers/CMSIS/Include -O0 -ffunction-sections -fdata-sections -Wall -fstack-usage -MMD -MP -MF"Core/Src/ICM20608.d" -MT"Core/Src/ICM20608.o" --specs=nano.specs -mfpu=fpv4-sp-d16 -mfloat-abi=hard -mthumb -o "Core/Src/ICM20608.o"
arm-none-eabi-gcc "../Core/Src/control.c" -mcpu=cortex-m4 -std=gnu11 -g3 -DDEBUG -DUSE_HAL_DRIVER -DSTM32F446xx -c -I../Core/Inc -I../Drivers/STM32F4xx_HAL_Driver/Inc -I../Drivers/STM32F4xx_HAL_Driver/Inc/Legacy -I../Drivers/CMSIS/Device/ST/STM32F4xx/Include -I../Drivers/CMSIS/Include -O0 -ffunction-sections -fdata-sections -Wall -fstack-usage -MMD -MP -MF"Core/Src/control.d" -MT"Core/Src/control.o" --specs=nano.specs -mfpu=fpv4-sp-d16 -mfloat-abi=hard -mthumb -o "Core/Src/control.o"
arm-none-eabi-gcc "../Core/Src/encoder.c" -mcpu=cortex-m4 -std=gnu11 -g3 -DDEBUG -DUSE_HAL_DRIVER -DSTM32F446xx -c -I../Core/Inc -I../Drivers/STM32F4xx_HAL_Driver/Inc -I../Drivers/STM32F4xx_HAL_Driver/Inc/Legacy -I../Drivers/CMSIS/Device/ST/STM32F4xx/Include -I../Drivers/CMSIS/Include -O0 -ffunction-sections -fdata-sections -Wall -fstack-usage -MMD -MP -MF"Core/Src/encoder.d" -MT"Core/Src/encoder.o" --specs=nano.specs -mfpu=fpv4-sp-d16 -mfloat-abi=hard -mthumb -o "Core/Src/encoder.o"
arm-none-eabi-gcc "../Core/Src/led.c" -mcpu=cortex-m4 -std=gnu11 -g3 -DDEBUG -DUSE_HAL_DRIVER -DSTM32F446xx -c -I../Core/Inc -I../Drivers/STM32F4xx_HAL_Driver/Inc -I../Drivers/STM32F4xx_HAL_Driver/Inc/Legacy -I../Drivers/CMSIS/Device/ST/STM32F4xx/Include -I../Drivers/CMSIS/Include -O0 -ffunction-sections -fdata-sections -Wall -fstack-usage -MMD -MP -MF"Core/Src/led.d" -MT"Core/Src/led.o" --specs=nano.specs -mfpu=fpv4-sp-d16 -mfloat-abi=hard -mthumb -o "Core/Src/led.o"
arm-none-eabi-gcc "../Core/Src/lineSensor.c" -mcpu=cortex-m4 -std=gnu11 -g3 -DDEBUG -DUSE_HAL_DRIVER -DSTM32F446xx -c -I../Core/Inc -I../Drivers/STM32F4xx_HAL_Driver/Inc -I../Drivers/STM32F4xx_HAL_Driver/Inc/Legacy -I../Drivers/CMSIS/Device/ST/STM32F4xx/Include -I../Drivers/CMSIS/Include -O0 -ffunction-sections -fdata-sections -Wall -fstack-usage -MMD -MP -MF"Core/Src/lineSensor.d" -MT"Core/Src/lineSensor.o" --specs=nano.specs -mfpu=fpv4-sp-d16 -mfloat-abi=hard -mthumb -o "Core/Src/lineSensor.o"
arm-none-eabi-gcc "../Core/Src/lineTrace.c" -mcpu=cortex-m4 -std=gnu11 -g3 -DDEBUG -DUSE_HAL_DRIVER -DSTM32F446xx -c -I../Core/Inc -I../Drivers/STM32F4xx_HAL_Driver/Inc -I../Drivers/STM32F4xx_HAL_Driver/Inc/Legacy -I../Drivers/CMSIS/Device/ST/STM32F4xx/Include -I../Drivers/CMSIS/Include -O0 -ffunction-sections -fdata-sections -Wall -fstack-usage -MMD -MP -MF"Core/Src/lineTrace.d" -MT"Core/Src/lineTrace.o" --specs=nano.specs -mfpu=fpv4-sp-d16 -mfloat-abi=hard -mthumb -o "Core/Src/lineTrace.o"
In file included from ../Core/Inc/main.h:44,
                 from ../Core/Inc/BNO055.h:6,
                 from ../Core/Src/BNO055.c:4:
../Core/Inc/control.h:12: warning: "M_PI" redefined
   12 | #define M_PI                3.141592
      | 
In file included from ../Core/Inc/main.h:34,
                 from ../Core/Inc/BNO055.h:6,
                 from ../Core/Src/BNO055.c:4:
c:\st\stm32cubeide_1.10.1\stm32cubeide\plugins\com.st.stm32cube.ide.mcu.externaltools.gnu-tools-for-stm32.10.3-2021.10.win32_1.0.0.202111181127\tools\arm-none-eabi\include\math.h:592: note: this is the location of the previous definition
  592 | #define M_PI  3.14159265358979323846
      | 
In file included from ../Core/Inc/main.h:44,
                 from ../Core/Inc/ICM20608.h:6,
                 from ../Core/Src/ICM20608.c:4:
../Core/Inc/control.h:12: warning: "M_PI" redefined
   12 | #define M_PI                3.141592
      | 
In file included from ../Core/Inc/main.h:34,
                 from ../Core/Inc/ICM20608.h:6,
                 from ../Core/Src/ICM20608.c:4:
c:\st\stm32cubeide_1.10.1\stm32cubeide\plugins\com.st.stm32cube.ide.mcu.externaltools.gnu-tools-for-stm32.10.3-2021.10.win32_1.0.0.202111181127\tools\arm-none-eabi\include\math.h:592: note: this is the location of the previous definition
  592 | #define M_PI  3.14159265358979323846
      | 
../Core/Src/ICM20608.c: In function 'getTurningAngleIMU':
../Core/Src/ICM20608.c:121:6: warning: unused variable 'intzg' [-Wunused-variable]
  121 |  int intzg;
      |      ^~~~~
../Core/Src/ICM20608.c: In function 'getRollAngleIMU':
../Core/Src/ICM20608.c:137:6: warning: unused variable 'intyg' [-Wunused-variable]
  137 |  int intyg;
      |      ^~~~~
../Core/Src/ICM20608.c: In function 'getPichAngleIMU':
../Core/Src/ICM20608.c:153:6: warning: unused variable 'intxg' [-Wunused-variable]
  153 |  int intxg;
      |      ^~~~~
In file included from ../Core/Inc/main.h:44,
                 from ../Core/Inc/encoder.h:7,
                 from ../Core/Src/encoder.c:4:
../Core/Inc/control.h:12: warning: "M_PI" redefined
   12 | #define M_PI                3.141592
      | 
In file included from ../Core/Inc/main.h:34,
                 from ../Core/Inc/encoder.h:7,
                 from ../Core/Src/encoder.c:4:
c:\st\stm32cubeide_1.10.1\stm32cubeide\plugins\com.st.stm32cube.ide.mcu.externaltools.gnu-tools-for-stm32.10.3-2021.10.win32_1.0.0.202111181127\tools\arm-none-eabi\include\math.h:592: note: this is the location of the previous definition
  592 | #define M_PI  3.14159265358979323846
      | 
In file included from ../Core/Inc/main.h:44,
                 from ../Core/Inc/led.h:7,
                 from ../Core/Src/led.c:4:
../Core/Inc/control.h:12: warning: "M_PI" redefined
   12 | #define M_PI                3.141592
      | 
In file included from ../Core/Inc/main.h:34,
                 from ../Core/Inc/led.h:7,
                 from ../Core/Src/led.c:4:
c:\st\stm32cubeide_1.10.1\stm32cubeide\plugins\com.st.stm32cube.ide.mcu.externaltools.gnu-tools-for-stm32.10.3-2021.10.win32_1.0.0.202111181127\tools\arm-none-eabi\include\math.h:592: note: this is the location of the previous definition
  592 | #define M_PI  3.14159265358979323846
      | 
In file included from ../Core/Inc/main.h:44,
                 from ../Core/Inc/AQM0802A.h:6,
                 from ../Core/Src/AQM0802A.c:4:
../Core/Inc/control.h:12: warning: "M_PI" redefined
   12 | #define M_PI                3.141592
      | 
In file included from ../Core/Inc/main.h:34,
                 from ../Core/Inc/AQM0802A.h:6,
                 from ../Core/Src/AQM0802A.c:4:
c:\st\stm32cubeide_1.10.1\stm32cubeide\plugins\com.st.stm32cube.ide.mcu.externaltools.gnu-tools-for-stm32.10.3-2021.10.win32_1.0.0.202111181127\tools\arm-none-eabi\include\math.h:592: note: this is the location of the previous definition
  592 | #define M_PI  3.14159265358979323846
      | 
In file included from ../Core/Inc/main.h:44,
                 from ../Core/Inc/lineTrace.h:6,
                 from ../Core/Src/lineTrace.c:4:
../Core/Inc/control.h:12: warning: "M_PI" redefined
   12 | #define M_PI                3.141592
      | 
In file included from ../Core/Inc/main.h:34,
                 from ../Core/Inc/lineTrace.h:6,
                 from ../Core/Src/lineTrace.c:4:
c:\st\stm32cubeide_1.10.1\stm32cubeide\plugins\com.st.stm32cube.ide.mcu.externaltools.gnu-tools-for-stm32.10.3-2021.10.win32_1.0.0.202111181127\tools\arm-none-eabi\include\math.h:592: note: this is the location of the previous definition
  592 | #define M_PI  3.14159265358979323846
      | 
In file included from ../Core/Inc/AQM0802A.h:8,
                 from ../Core/Src/AQM0802A.c:4:
../Core/Src/AQM0802A.c: In function 'lcdPrintf':
../Core/Src/AQM0802A.c:147:14: warning: passing argument 1 of '__builtin_va_start' discards 'volatile' qualifier from pointer target type [-Wdiscarded-qualifiers]
  147 |     va_start(argptr, format);
      |              ^~~~~~
../Core/Src/AQM0802A.c:147:14: note: expected '__va_list *' but argument is of type 'volatile va_list *'
../Core/Src/AQM0802A.c:148:21: warning: pointer targets in passing argument 1 of 'vsprintf' differ in signedness [-Wpointer-sign]
  148 |     ret = vsprintf( buffLcdData2, format, argptr );
      |                     ^~~~~~~~~~~~
      |                     |
      |                     uint8_t * {aka unsigned char *}
../Core/Src/lineTrace.c: In function 'motorControlTrace':
../Core/Src/lineTrace.c:22:28: warning: variable 'kd' set but not used [-Wunused-but-set-variable]
   22 |  int32_t Dev, Dif, kp, ki, kd;
      |                            ^~
../Core/Src/lineTrace.c:22:24: warning: variable 'ki' set but not used [-Wunused-but-set-variable]
   22 |  int32_t Dev, Dif, kp, ki, kd;
      |                        ^~
../Core/Src/lineTrace.c:22:20: warning: variable 'kp' set but not used [-Wunused-but-set-variable]
   22 |  int32_t Dev, Dif, kp, ki, kd;
      |                    ^~
In file included from ../Core/Inc/main.h:38,
                 from ../Core/Inc/AQM0802A.h:6,
                 from ../Core/Src/AQM0802A.c:4:
c:\st\stm32cubeide_1.10.1\stm32cubeide\plugins\com.st.stm32cube.ide.mcu.externaltools.gnu-tools-for-stm32.10.3-2021.10.win32_1.0.0.202111181127\tools\arm-none-eabi\include\stdio.h:210:15: note: expected 'char * restrict' but argument is of type 'uint8_t *' {aka 'unsigned char *'}
  210 | int vsprintf (char *__restrict, const char *__restrict, __VALIST)
      |               ^
../Core/Src/AQM0802A.c:148:35: warning: pointer targets in passing argument 2 of 'vsprintf' differ in signedness [-Wpointer-sign]
  148 |     ret = vsprintf( buffLcdData2, format, argptr );
      |                                   ^~~~~~
      |                                   |
      |                                   uint8_t * {aka unsigned char *}
In file included from ../Core/Inc/main.h:38,
                 from ../Core/Inc/AQM0802A.h:6,
                 from ../Core/Src/AQM0802A.c:4:
c:\st\stm32cubeide_1.10.1\stm32cubeide\plugins\com.st.stm32cube.ide.mcu.externaltools.gnu-tools-for-stm32.10.3-2021.10.win32_1.0.0.202111181127\tools\arm-none-eabi\include\stdio.h:210:33: note: expected 'const char * restrict' but argument is of type 'uint8_t *' {aka 'unsigned char *'}
  210 | int vsprintf (char *__restrict, const char *__restrict, __VALIST)
      |                                 ^
In file included from ../Core/Inc/AQM0802A.h:8,
                 from ../Core/Src/AQM0802A.c:4:
../Core/Src/AQM0802A.c:149:12: warning: passing argument 1 of '__builtin_va_end' discards 'volatile' qualifier from pointer target type [-Wdiscarded-qualifiers]
  149 |     va_end(argptr);
      |            ^~~~~~
../Core/Src/AQM0802A.c:149:12: note: expected '__va_list *' but argument is of type 'volatile va_list *'
../Core/Src/AQM0802A.c: In function 'lcdRowPrintf':
../Core/Src/AQM0802A.c:195:14: warning: passing argument 1 of '__builtin_va_start' discards 'volatile' qualifier from pointer target type [-Wdiscarded-qualifiers]
  195 |     va_start(argptr, format);
      |              ^~~~~~
../Core/Src/AQM0802A.c:195:14: note: expected '__va_list *' but argument is of type 'volatile va_list *'
../Core/Src/AQM0802A.c:196:21: warning: pointer targets in passing argument 1 of 'vsprintf' differ in signedness [-Wpointer-sign]
  196 |     ret = vsprintf( buffLcdData2, format, argptr );
      |                     ^~~~~~~~~~~~
      |                     |
      |                     uint8_t * {aka unsigned char *}
In file included from ../Core/Inc/main.h:38,
                 from ../Core/Inc/AQM0802A.h:6,
                 from ../Core/Src/AQM0802A.c:4:
c:\st\stm32cubeide_1.10.1\stm32cubeide\plugins\com.st.stm32cube.ide.mcu.externaltools.gnu-tools-for-stm32.10.3-2021.10.win32_1.0.0.202111181127\tools\arm-none-eabi\include\stdio.h:210:15: note: expected 'char * restrict' but argument is of type 'uint8_t *' {aka 'unsigned char *'}
  210 | int vsprintf (char *__restrict, const char *__restrict, __VALIST)
      |               ^
In file included from ../Core/Inc/AQM0802A.h:8,
                 from ../Core/Src/AQM0802A.c:4:
../Core/Src/AQM0802A.c:197:12: warning: passing argument 1 of '__builtin_va_end' discards 'volatile' qualifier from pointer target type [-Wdiscarded-qualifiers]
  197 |     va_end(argptr);
      |            ^~~~~~
../Core/Src/AQM0802A.c:197:12: note: expected '__va_list *' but argument is of type 'volatile va_list *'
In file included from ../Core/Inc/main.h:44,
                 from ../Core/Inc/lineSensor.h:7,
                 from ../Core/Src/lineSensor.c:4:
../Core/Inc/control.h:12: warning: "M_PI" redefined
   12 | #define M_PI                3.141592
      | 
In file included from ../Core/Inc/main.h:34,
                 from ../Core/Inc/lineSensor.h:7,
                 from ../Core/Src/lineSensor.c:4:
c:\st\stm32cubeide_1.10.1\stm32cubeide\plugins\com.st.stm32cube.ide.mcu.externaltools.gnu-tools-for-stm32.10.3-2021.10.win32_1.0.0.202111181127\tools\arm-none-eabi\include\math.h:592: note: this is the location of the previous definition
  592 | #define M_PI  3.14159265358979323846
      | 
In file included from ../Core/Src/control.c:4:
../Core/Inc/control.h:12: warning: "M_PI" redefined
   12 | #define M_PI                3.141592
      | 
In file included from ../Core/Inc/main.h:34,
                 from ../Core/Inc/control.h:6,
                 from ../Core/Src/control.c:4:
c:\st\stm32cubeide_1.10.1\stm32cubeide\plugins\com.st.stm32cube.ide.mcu.externaltools.gnu-tools-for-stm32.10.3-2021.10.win32_1.0.0.202111181127\tools\arm-none-eabi\include\math.h:592: note: this is the location of the previous definition
  592 | #define M_PI  3.14159265358979323846
      | 
../Core/Src/control.c: In function 'systemInit':
../Core/Src/control.c:40:32: warning: passing argument 2 of 'HAL_ADC_Start_DMA' from incompatible pointer type [-Wincompatible-pointer-types]
   40 |  if (HAL_ADC_Start_DMA(&hadc1, (uint16_t *) analogVal, 14) != HAL_OK) Error_Handler();
      |                                ^~~~~~~~~~~~~~~~~~~~~~
      |                                |
      |                                uint16_t * {aka short unsigned int *}
In file included from ../Core/Inc/stm32f4xx_hal_conf.h:295,
                 from ../Drivers/STM32F4xx_HAL_Driver/Inc/stm32f4xx_hal.h:29,
                 from ../Core/Inc/main.h:30,
                 from ../Core/Inc/control.h:6,
                 from ../Core/Src/control.c:4:
../Drivers/STM32F4xx_HAL_Driver/Inc/stm32f4xx_hal_adc.h:594:72: note: expected 'uint32_t *' {aka 'long unsigned int *'} but argument is of type 'uint16_t *' {aka 'short unsigned int *'}
  594 | HAL_StatusTypeDef HAL_ADC_Start_DMA(ADC_HandleTypeDef* hadc, uint32_t* pData, uint32_t Length);
      |                                                              ~~~~~~~~~~^~~~~
../Core/Src/control.c: In function 'systemLoop':
../Core/Src/control.c:107:4: warning: implicit declaration of function 'motorPwmOutSynth'; did you mean 'motorPwmOut'? [-Wimplicit-function-declaration]
  107 |    motorPwmOutSynth( tracePwm, speedPwm );
      |    ^~~~~~~~~~~~~~~~
      |    motorPwmOut
arm-none-eabi-gcc "../Core/Src/main.c" -mcpu=cortex-m4 -std=gnu11 -g3 -DDEBUG -DUSE_HAL_DRIVER -DSTM32F446xx -c -I../Core/Inc -I../Drivers/STM32F4xx_HAL_Driver/Inc -I../Drivers/STM32F4xx_HAL_Driver/Inc/Legacy -I../Drivers/CMSIS/Device/ST/STM32F4xx/Include -I../Drivers/CMSIS/Include -O0 -ffunction-sections -fdata-sections -Wall -fstack-usage -MMD -MP -MF"Core/Src/main.d" -MT"Core/Src/main.o" --specs=nano.specs -mfpu=fpv4-sp-d16 -mfloat-abi=hard -mthumb -o "Core/Src/main.o"
arm-none-eabi-gcc "../Core/Src/markerSensor.c" -mcpu=cortex-m4 -std=gnu11 -g3 -DDEBUG -DUSE_HAL_DRIVER -DSTM32F446xx -c -I../Core/Inc -I../Drivers/STM32F4xx_HAL_Driver/Inc -I../Drivers/STM32F4xx_HAL_Driver/Inc/Legacy -I../Drivers/CMSIS/Device/ST/STM32F4xx/Include -I../Drivers/CMSIS/Include -O0 -ffunction-sections -fdata-sections -Wall -fstack-usage -MMD -MP -MF"Core/Src/markerSensor.d" -MT"Core/Src/markerSensor.o" --specs=nano.specs -mfpu=fpv4-sp-d16 -mfloat-abi=hard -mthumb -o "Core/Src/markerSensor.o"
arm-none-eabi-gcc "../Core/Src/motor.c" -mcpu=cortex-m4 -std=gnu11 -g3 -DDEBUG -DUSE_HAL_DRIVER -DSTM32F446xx -c -I../Core/Inc -I../Drivers/STM32F4xx_HAL_Driver/Inc -I../Drivers/STM32F4xx_HAL_Driver/Inc/Legacy -I../Drivers/CMSIS/Device/ST/STM32F4xx/Include -I../Drivers/CMSIS/Include -O0 -ffunction-sections -fdata-sections -Wall -fstack-usage -MMD -MP -MF"Core/Src/motor.d" -MT"Core/Src/motor.o" --specs=nano.specs -mfpu=fpv4-sp-d16 -mfloat-abi=hard -mthumb -o "Core/Src/motor.o"
arm-none-eabi-gcc "../Core/Src/setup.c" -mcpu=cortex-m4 -std=gnu11 -g3 -DDEBUG -DUSE_HAL_DRIVER -DSTM32F446xx -c -I../Core/Inc -I../Drivers/STM32F4xx_HAL_Driver/Inc -I../Drivers/STM32F4xx_HAL_Driver/Inc/Legacy -I../Drivers/CMSIS/Device/ST/STM32F4xx/Include -I../Drivers/CMSIS/Include -O0 -ffunction-sections -fdata-sections -Wall -fstack-usage -MMD -MP -MF"Core/Src/setup.d" -MT"Core/Src/setup.o" --specs=nano.specs -mfpu=fpv4-sp-d16 -mfloat-abi=hard -mthumb -o "Core/Src/setup.o"
arm-none-eabi-gcc "../Core/Src/stm32f4xx_hal_msp.c" -mcpu=cortex-m4 -std=gnu11 -g3 -DDEBUG -DUSE_HAL_DRIVER -DSTM32F446xx -c -I../Core/Inc -I../Drivers/STM32F4xx_HAL_Driver/Inc -I../Drivers/STM32F4xx_HAL_Driver/Inc/Legacy -I../Drivers/CMSIS/Device/ST/STM32F4xx/Include -I../Drivers/CMSIS/Include -O0 -ffunction-sections -fdata-sections -Wall -fstack-usage -MMD -MP -MF"Core/Src/stm32f4xx_hal_msp.d" -MT"Core/Src/stm32f4xx_hal_msp.o" --specs=nano.specs -mfpu=fpv4-sp-d16 -mfloat-abi=hard -mthumb -o "Core/Src/stm32f4xx_hal_msp.o"
arm-none-eabi-gcc "../Core/Src/stm32f4xx_it.c" -mcpu=cortex-m4 -std=gnu11 -g3 -DDEBUG -DUSE_HAL_DRIVER -DSTM32F446xx -c -I../Core/Inc -I../Drivers/STM32F4xx_HAL_Driver/Inc -I../Drivers/STM32F4xx_HAL_Driver/Inc/Legacy -I../Drivers/CMSIS/Device/ST/STM32F4xx/Include -I../Drivers/CMSIS/Include -O0 -ffunction-sections -fdata-sections -Wall -fstack-usage -MMD -MP -MF"Core/Src/stm32f4xx_it.d" -MT"Core/Src/stm32f4xx_it.o" --specs=nano.specs -mfpu=fpv4-sp-d16 -mfloat-abi=hard -mthumb -o "Core/Src/stm32f4xx_it.o"
arm-none-eabi-gcc "../Core/Src/switch.c" -mcpu=cortex-m4 -std=gnu11 -g3 -DDEBUG -DUSE_HAL_DRIVER -DSTM32F446xx -c -I../Core/Inc -I../Drivers/STM32F4xx_HAL_Driver/Inc -I../Drivers/STM32F4xx_HAL_Driver/Inc/Legacy -I../Drivers/CMSIS/Device/ST/STM32F4xx/Include -I../Drivers/CMSIS/Include -O0 -ffunction-sections -fdata-sections -Wall -fstack-usage -MMD -MP -MF"Core/Src/switch.d" -MT"Core/Src/switch.o" --specs=nano.specs -mfpu=fpv4-sp-d16 -mfloat-abi=hard -mthumb -o "Core/Src/switch.o"
arm-none-eabi-gcc "../Core/Src/timer.c" -mcpu=cortex-m4 -std=gnu11 -g3 -DDEBUG -DUSE_HAL_DRIVER -DSTM32F446xx -c -I../Core/Inc -I../Drivers/STM32F4xx_HAL_Driver/Inc -I../Drivers/STM32F4xx_HAL_Driver/Inc/Legacy -I../Drivers/CMSIS/Device/ST/STM32F4xx/Include -I../Drivers/CMSIS/Include -O0 -ffunction-sections -fdata-sections -Wall -fstack-usage -MMD -MP -MF"Core/Src/timer.d" -MT"Core/Src/timer.o" --specs=nano.specs -mfpu=fpv4-sp-d16 -mfloat-abi=hard -mthumb -o "Core/Src/timer.o"
In file included from ../Core/Inc/main.h:44,
                 from ../Core/Src/main.c:20:
../Core/Inc/control.h:12: warning: "M_PI" redefined
   12 | #define M_PI                3.141592
      | 
In file included from ../Core/Inc/main.h:34,
                 from ../Core/Src/main.c:20:
c:\st\stm32cubeide_1.10.1\stm32cubeide\plugins\com.st.stm32cube.ide.mcu.externaltools.gnu-tools-for-stm32.10.3-2021.10.win32_1.0.0.202111181127\tools\arm-none-eabi\include\math.h:592: note: this is the location of the previous definition
  592 | #define M_PI  3.14159265358979323846
      | 
In file included from ../Core/Inc/main.h:44,
                 from ../Core/Inc/motor.h:7,
                 from ../Core/Src/motor.c:4:
../Core/Inc/control.h:12: warning: "M_PI" redefined
   12 | #define M_PI                3.141592
      | 
In file included from ../Core/Inc/main.h:34,
                 from ../Core/Inc/motor.h:7,
                 from ../Core/Src/motor.c:4:
c:\st\stm32cubeide_1.10.1\stm32cubeide\plugins\com.st.stm32cube.ide.mcu.externaltools.gnu-tools-for-stm32.10.3-2021.10.win32_1.0.0.202111181127\tools\arm-none-eabi\include\math.h:592: note: this is the location of the previous definition
  592 | #define M_PI  3.14159265358979323846
      | 
In file included from ../Core/Inc/main.h:44,
                 from ../Core/Inc/markerSensor.h:7,
                 from ../Core/Src/markerSensor.c:4:
../Core/Inc/control.h:12: warning: "M_PI" redefined
   12 | #define M_PI                3.141592
      | 
In file included from ../Core/Inc/main.h:34,
                 from ../Core/Inc/markerSensor.h:7,
                 from ../Core/Src/markerSensor.c:4:
c:\st\stm32cubeide_1.10.1\stm32cubeide\plugins\com.st.stm32cube.ide.mcu.externaltools.gnu-tools-for-stm32.10.3-2021.10.win32_1.0.0.202111181127\tools\arm-none-eabi\include\math.h:592: note: this is the location of the previous definition
  592 | #define M_PI  3.14159265358979323846
      | 
In file included from ../Core/Inc/main.h:44,
                 from ../Core/Src/stm32f4xx_hal_msp.c:22:
../Core/Inc/control.h:12: warning: "M_PI" redefined
   12 | #define M_PI                3.141592
      | 
In file included from ../Core/Inc/main.h:34,
                 from ../Core/Src/stm32f4xx_hal_msp.c:22:
c:\st\stm32cubeide_1.10.1\stm32cubeide\plugins\com.st.stm32cube.ide.mcu.externaltools.gnu-tools-for-stm32.10.3-2021.10.win32_1.0.0.202111181127\tools\arm-none-eabi\include\math.h:592: note: this is the location of the previous definition
  592 | #define M_PI  3.14159265358979323846
      | 
In file included from ../Core/Inc/main.h:44,
                 from ../Core/Inc/setup.h:6,
                 from ../Core/Src/setup.c:4:
../Core/Inc/control.h:12: warning: "M_PI" redefined
   12 | #define M_PI                3.141592
      | 
In file included from ../Core/Inc/main.h:34,
                 from ../Core/Inc/setup.h:6,
                 from ../Core/Src/setup.c:4:
c:\st\stm32cubeide_1.10.1\stm32cubeide\plugins\com.st.stm32cube.ide.mcu.externaltools.gnu-tools-for-stm32.10.3-2021.10.win32_1.0.0.202111181127\tools\arm-none-eabi\include\math.h:592: note: this is the location of the previous definition
  592 | #define M_PI  3.14159265358979323846
      | 
In file included from ../Core/Inc/main.h:44,
                 from ../Core/Src/stm32f4xx_it.c:21:
../Core/Inc/control.h:12: warning: "M_PI" redefined
   12 | #define M_PI                3.141592
      | 
In file included from ../Core/Inc/main.h:34,
                 from ../Core/Src/stm32f4xx_it.c:21:
c:\st\stm32cubeide_1.10.1\stm32cubeide\plugins\com.st.stm32cube.ide.mcu.externaltools.gnu-tools-for-stm32.10.3-2021.10.win32_1.0.0.202111181127\tools\arm-none-eabi\include\math.h:592: note: this is the location of the previous definition
  592 | #define M_PI  3.14159265358979323846
      | 
In file included from ../Core/Inc/main.h:44,
                 from ../Core/Inc/switch.h:7,
                 from ../Core/Src/switch.c:4:
../Core/Inc/control.h:12: warning: "M_PI" redefined
   12 | #define M_PI                3.141592
      | 
In file included from ../Core/Inc/main.h:34,
                 from ../Core/Inc/switch.h:7,
                 from ../Core/Src/switch.c:4:
c:\st\stm32cubeide_1.10.1\stm32cubeide\plugins\com.st.stm32cube.ide.mcu.externaltools.gnu-tools-for-stm32.10.3-2021.10.win32_1.0.0.202111181127\tools\arm-none-eabi\include\math.h:592: note: this is the location of the previous definition
  592 | #define M_PI  3.14159265358979323846
      | 
../Core/Src/setup.c: In function 'setup':
../Core/Src/setup.c:156:5: warning: implicit declaration of function 'motorPwmOutSynth'; did you mean 'motorPwmOut'? [-Wimplicit-function-declaration]
  156 |     motorPwmOutSynth( tracePwm, 0 );
      |     ^~~~~~~~~~~~~~~~
      |     motorPwmOut
../Core/Src/setup.c:66:16: warning: unused variable 'k' [-Wunused-variable]
   66 |  int16_t i, j, k;
      |                ^
../Core/Src/setup.c:66:13: warning: unused variable 'j' [-Wunused-variable]
   66 |  int16_t i, j, k;
      |             ^
../Core/Src/setup.c:66:10: warning: unused variable 'i' [-Wunused-variable]
   66 |  int16_t i, j, k;
      |          ^
../Core/Src/setup.c:65:19: warning: unused variable 'sd_sw' [-Wunused-variable]
   65 |  uint8_t cnt_led, sd_sw;
      |                   ^~~~~
In file included from ../Core/Inc/main.h:44,
                 from ../Core/Inc/timer.h:7,
                 from ../Core/Src/timer.c:4:
../Core/Inc/control.h:12: warning: "M_PI" redefined
   12 | #define M_PI                3.141592
      | 
In file included from ../Core/Inc/main.h:34,
                 from ../Core/Inc/timer.h:7,
                 from ../Core/Src/timer.c:4:
c:\st\stm32cubeide_1.10.1\stm32cubeide\plugins\com.st.stm32cube.ide.mcu.externaltools.gnu-tools-for-stm32.10.3-2021.10.win32_1.0.0.202111181127\tools\arm-none-eabi\include\math.h:592: note: this is the location of the previous definition
  592 | #define M_PI  3.14159265358979323846
      | 
../Core/Src/timer.c: In function 'HAL_TIM_PeriodElapsedCallback':
../Core/Src/timer.c:47:5: warning: implicit declaration of function 'motorControlTrace'; did you mean 'motorControltrace'? [-Wimplicit-function-declaration]
   47 |     motorControlTrace();
      |     ^~~~~~~~~~~~~~~~~
      |     motorControltrace
../Core/Src/timer.c:48:5: warning: implicit declaration of function 'motorControlSpeed'; did you mean 'motorControlspeed'? [-Wimplicit-function-declaration]
   48 |     motorControlSpeed();
      |     ^~~~~~~~~~~~~~~~~
      |     motorControlspeed
arm-none-eabi-gcc "../Core/Src/velocityctrl.c" -mcpu=cortex-m4 -std=gnu11 -g3 -DDEBUG -DUSE_HAL_DRIVER -DSTM32F446xx -c -I../Core/Inc -I../Drivers/STM32F4xx_HAL_Driver/Inc -I../Drivers/STM32F4xx_HAL_Driver/Inc/Legacy -I../Drivers/CMSIS/Device/ST/STM32F4xx/Include -I../Drivers/CMSIS/Include -O0 -ffunction-sections -fdata-sections -Wall -fstack-usage -MMD -MP -MF"Core/Src/velocityctrl.d" -MT"Core/Src/velocityctrl.o" --specs=nano.specs -mfpu=fpv4-sp-d16 -mfloat-abi=hard -mthumb -o "Core/Src/velocityctrl.o"
In file included from ../Core/Inc/main.h:44,
                 from ../Core/Inc/velocityctrl.h:6,
                 from ../Core/Src/velocityctrl.c:4:
../Core/Inc/control.h:12: warning: "M_PI" redefined
   12 | #define M_PI                3.141592
      | 
In file included from ../Core/Inc/main.h:34,
                 from ../Core/Inc/velocityctrl.h:6,
                 from ../Core/Src/velocityctrl.c:4:
c:\st\stm32cubeide_1.10.1\stm32cubeide\plugins\com.st.stm32cube.ide.mcu.externaltools.gnu-tools-for-stm32.10.3-2021.10.win32_1.0.0.202111181127\tools\arm-none-eabi\include\math.h:592: note: this is the location of the previous definition
  592 | #define M_PI  3.14159265358979323846
      | 
arm-none-eabi-gcc -o "robotrace_v1.elf" @"objects.list"   -mcpu=cortex-m4 -T"C:\Users\Natsuki\Dropbox\Document\robotrace\robotrace_v1\robotrace_v1\STM32F446RETX_FLASH.ld" --specs=nosys.specs -Wl,-Map="robotrace_v1.map" -Wl,--gc-sections -static --specs=nano.specs -mfpu=fpv4-sp-d16 -mfloat-abi=hard -mthumb -u _printf_float -u _scanf_float -Wl,--start-group -lc -lm -Wl,--end-group
Finished building target: robotrace_v1.elf
 
arm-none-eabi-size   robotrace_v1.elf 
arm-none-eabi-objdump -h -S  robotrace_v1.elf  > "robotrace_v1.list"
   text	   data	    bss	    dec	    hex	filename
  56592	    524	   2792	  59908	   ea04	robotrace_v1.elf
Finished building: default.size.stdout
 
Finished building: robotrace_v1.list
 

14:43:41 Build Finished. 0 errors, 39 warnings. (took 2s.967ms)

